AR pf_occ_counter_top implementation C:/Xilinx/10.1/EDK/hw/XilinxProcessorIPLib/pcores/proc_common_v2_00_a/hdl/vhdl/pf_occ_counter_top.vhd sub00/vhpl15 1271917164
AR or_muxcy implementation C:/Xilinx/10.1/EDK/hw/XilinxProcessorIPLib/pcores/proc_common_v2_00_a/hdl/vhdl/or_muxcy.vhd sub00/vhpl21 1271917172
AR pf_dpram_select implementation C:/Xilinx/10.1/EDK/hw/XilinxProcessorIPLib/pcores/proc_common_v2_00_a/hdl/vhdl/pf_dpram_select.vhd sub00/vhpl33 1271917184
EN pf_occ_counter_top NULL C:/Xilinx/10.1/EDK/hw/XilinxProcessorIPLib/pcores/proc_common_v2_00_a/hdl/vhdl/pf_occ_counter_top.vhd sub00/vhpl14 1271917163
AR srl_fifo2 imp C:/Xilinx/10.1/EDK/hw/XilinxProcessorIPLib/pcores/proc_common_v2_00_a/hdl/vhdl/srl_fifo2.vhd sub00/vhpl29 1271917180
AR or_gate imp C:/Xilinx/10.1/EDK/hw/XilinxProcessorIPLib/pcores/proc_common_v2_00_a/hdl/vhdl/or_gate.vhd sub00/vhpl25 1271917176
AR pf_adder_bit implementation C:/Xilinx/10.1/EDK/hw/XilinxProcessorIPLib/pcores/proc_common_v2_00_a/hdl/vhdl/pf_adder_bit.vhd sub00/vhpl07 1271917156
AR pf_adder implementation C:/Xilinx/10.1/EDK/hw/XilinxProcessorIPLib/pcores/proc_common_v2_00_a/hdl/vhdl/pf_adder.vhd sub00/vhpl19 1271917168
PH family NULL C:/Xilinx/10.1/EDK/hw/XilinxProcessorIPLib/pcores/proc_common_v2_00_a/hdl/vhdl/family.vhd sub00/vhpl38 1271917189
EN counter_bit NULL C:/Xilinx/10.1/EDK/hw/XilinxProcessorIPLib/pcores/proc_common_v2_00_a/hdl/vhdl/counter_bit.vhd sub00/vhpl12 1271917161
EN pf_counter_top NULL C:/Xilinx/10.1/EDK/hw/XilinxProcessorIPLib/pcores/proc_common_v2_00_a/hdl/vhdl/pf_counter_top.vhd sub00/vhpl16 1271917165
PH ipif_pkg NULL C:/Xilinx/10.1/EDK/hw/XilinxProcessorIPLib/pcores/proc_common_v2_00_a/hdl/vhdl/ipif_pkg.vhd sub00/vhpl26 1271917177
EN srl16_fifo NULL C:/Xilinx/10.1/EDK/hw/XilinxProcessorIPLib/pcores/proc_common_v2_00_a/hdl/vhdl/srl16_fifo.vhd sub00/vhpl30 1271917181
AR counter_bit imp C:/Xilinx/10.1/EDK/hw/XilinxProcessorIPLib/pcores/proc_common_v2_00_a/hdl/vhdl/counter_bit.vhd sub00/vhpl13 1271917162
EN counter NULL C:/Xilinx/10.1/EDK/hw/XilinxProcessorIPLib/pcores/proc_common_v2_00_a/hdl/vhdl/counter.vhd sub00/vhpl34 1271917185
EN srl_fifo2 NULL C:/Xilinx/10.1/EDK/hw/XilinxProcessorIPLib/pcores/proc_common_v2_00_a/hdl/vhdl/srl_fifo2.vhd sub00/vhpl28 1271917179
EN inferred_lut4 NULL C:/Xilinx/10.1/EDK/hw/XilinxProcessorIPLib/pcores/proc_common_v2_00_a/hdl/vhdl/inferred_lut4.vhd sub00/vhpl02 1271917151
EN pf_adder_bit NULL C:/Xilinx/10.1/EDK/hw/XilinxProcessorIPLib/pcores/proc_common_v2_00_a/hdl/vhdl/pf_adder_bit.vhd sub00/vhpl06 1271917155
AR pf_counter_bit implementation C:/Xilinx/10.1/EDK/hw/XilinxProcessorIPLib/pcores/proc_common_v2_00_a/hdl/vhdl/pf_counter_bit.vhd sub00/vhpl05 1271917154
EN pf_occ_counter NULL C:/Xilinx/10.1/EDK/hw/XilinxProcessorIPLib/pcores/proc_common_v2_00_a/hdl/vhdl/pf_occ_counter.vhd sub00/vhpl10 1271917159
EN pselect NULL C:/Xilinx/10.1/EDK/hw/XilinxProcessorIPLib/pcores/proc_common_v2_00_a/hdl/vhdl/pselect.vhd sub00/vhpl22 1271917173
EN pf_dpram_select NULL C:/Xilinx/10.1/EDK/hw/XilinxProcessorIPLib/pcores/proc_common_v2_00_a/hdl/vhdl/pf_dpram_select.vhd sub00/vhpl32 1271917183
AR srl16_fifo implementation C:/Xilinx/10.1/EDK/hw/XilinxProcessorIPLib/pcores/proc_common_v2_00_a/hdl/vhdl/srl16_fifo.vhd sub00/vhpl31 1271917182
AR pf_counter_top implementation C:/Xilinx/10.1/EDK/hw/XilinxProcessorIPLib/pcores/proc_common_v2_00_a/hdl/vhdl/pf_counter_top.vhd sub00/vhpl17 1271917166
EN or_gate NULL C:/Xilinx/10.1/EDK/hw/XilinxProcessorIPLib/pcores/proc_common_v2_00_a/hdl/vhdl/or_gate.vhd sub00/vhpl24 1271917175
PH proc_common_pkg NULL C:/Xilinx/10.1/EDK/hw/XilinxProcessorIPLib/pcores/proc_common_v2_00_a/hdl/vhdl/proc_common_pkg.vhd sub00/vhpl00 1271917169
PB ipif_pkg ipif_pkg C:/Xilinx/10.1/EDK/hw/XilinxProcessorIPLib/pcores/proc_common_v2_00_a/hdl/vhdl/ipif_pkg.vhd sub00/vhpl27 1271917178
AR inferred_lut4 implementation C:/Xilinx/10.1/EDK/hw/XilinxProcessorIPLib/pcores/proc_common_v2_00_a/hdl/vhdl/inferred_lut4.vhd sub00/vhpl03 1271917152
AR counter imp C:/Xilinx/10.1/EDK/hw/XilinxProcessorIPLib/pcores/proc_common_v2_00_a/hdl/vhdl/counter.vhd sub00/vhpl35 1271917186
EN pf_adder NULL C:/Xilinx/10.1/EDK/hw/XilinxProcessorIPLib/pcores/proc_common_v2_00_a/hdl/vhdl/pf_adder.vhd sub00/vhpl18 1271917167
EN pf_counter NULL C:/Xilinx/10.1/EDK/hw/XilinxProcessorIPLib/pcores/proc_common_v2_00_a/hdl/vhdl/pf_counter.vhd sub00/vhpl08 1271917157
AR pf_counter implementation C:/Xilinx/10.1/EDK/hw/XilinxProcessorIPLib/pcores/proc_common_v2_00_a/hdl/vhdl/pf_counter.vhd sub00/vhpl09 1271917158
EN pf_counter_bit NULL C:/Xilinx/10.1/EDK/hw/XilinxProcessorIPLib/pcores/proc_common_v2_00_a/hdl/vhdl/pf_counter_bit.vhd sub00/vhpl04 1271917153
AR ipif_steer imp C:/Xilinx/10.1/EDK/hw/XilinxProcessorIPLib/pcores/proc_common_v2_00_a/hdl/vhdl/ipif_steer.vhd sub00/vhpl37 1271917188
PB family family C:/Xilinx/10.1/EDK/hw/XilinxProcessorIPLib/pcores/proc_common_v2_00_a/hdl/vhdl/family.vhd sub00/vhpl39 1271917190
AR pf_occ_counter implementation C:/Xilinx/10.1/EDK/hw/XilinxProcessorIPLib/pcores/proc_common_v2_00_a/hdl/vhdl/pf_occ_counter.vhd sub00/vhpl11 1271917160
EN ipif_steer NULL C:/Xilinx/10.1/EDK/hw/XilinxProcessorIPLib/pcores/proc_common_v2_00_a/hdl/vhdl/ipif_steer.vhd sub00/vhpl36 1271917187
EN or_muxcy NULL C:/Xilinx/10.1/EDK/hw/XilinxProcessorIPLib/pcores/proc_common_v2_00_a/hdl/vhdl/or_muxcy.vhd sub00/vhpl20 1271917171
AR pselect imp C:/Xilinx/10.1/EDK/hw/XilinxProcessorIPLib/pcores/proc_common_v2_00_a/hdl/vhdl/pselect.vhd sub00/vhpl23 1271917174
PB proc_common_pkg proc_common_pkg C:/Xilinx/10.1/EDK/hw/XilinxProcessorIPLib/pcores/proc_common_v2_00_a/hdl/vhdl/proc_common_pkg.vhd sub00/vhpl01 1271917170
