EN plb_ipif_reset NULL C:/Xilinx/10.1/EDK/hw/XilinxProcessorIPLib/pcores/plb_ipif_v1_00_f/hdl/vhdl/plb_ipif_reset.vhd sub00/vhpl10 1271917223
EN plb_address_decoder NULL C:/Xilinx/10.1/EDK/hw/XilinxProcessorIPLib/pcores/plb_ipif_v1_00_f/hdl/vhdl/plb_address_decoder.vhd sub00/vhpl02 1271917199
AR flex_addr_cntr implementation C:/Xilinx/10.1/EDK/hw/XilinxProcessorIPLib/pcores/plb_ipif_v1_00_f/hdl/vhdl/flex_addr_cntr.vhd sub00/vhpl01 1271917192
EN plb_slave_attachment_indet NULL C:/Xilinx/10.1/EDK/hw/XilinxProcessorIPLib/pcores/plb_ipif_v1_00_f/hdl/vhdl/plb_slave_attachment_indet.vhd sub00/vhpl08 1271917221
AR plb_ipif implementation C:/Xilinx/10.1/EDK/hw/XilinxProcessorIPLib/pcores/plb_ipif_v1_00_f/hdl/vhdl/plb_ipif.vhd sub00/vhpl17 1271917230
AR burst_support implementation C:/Xilinx/10.1/EDK/hw/XilinxProcessorIPLib/pcores/plb_ipif_v1_00_f/hdl/vhdl/burst_support.vhd sub00/vhpl05 1271917202
EN plb_ipif NULL C:/Xilinx/10.1/EDK/hw/XilinxProcessorIPLib/pcores/plb_ipif_v1_00_f/hdl/vhdl/plb_ipif.vhd sub00/vhpl16 1271917229
AR plb_address_decoder imp C:/Xilinx/10.1/EDK/hw/XilinxProcessorIPLib/pcores/plb_ipif_v1_00_f/hdl/vhdl/plb_address_decoder.vhd sub00/vhpl03 1271917200
AR plb_ipif_reset implementation C:/Xilinx/10.1/EDK/hw/XilinxProcessorIPLib/pcores/plb_ipif_v1_00_f/hdl/vhdl/plb_ipif_reset.vhd sub00/vhpl11 1271917224
AR plb_slave_attachment_indet implementation C:/Xilinx/10.1/EDK/hw/XilinxProcessorIPLib/pcores/plb_ipif_v1_00_f/hdl/vhdl/plb_slave_attachment_indet.vhd sub00/vhpl09 1271917222
EN plb_interrupt_control NULL C:/Xilinx/10.1/EDK/hw/XilinxProcessorIPLib/pcores/plb_ipif_v1_00_f/hdl/vhdl/plb_interrupt_control.vhd sub00/vhpl12 1271917225
EN plb_sesr_sear NULL C:/Xilinx/10.1/EDK/hw/XilinxProcessorIPLib/pcores/plb_ipif_v1_00_f/hdl/vhdl/plb_sesr_sear.vhd sub00/vhpl14 1271917227
EN burst_support NULL C:/Xilinx/10.1/EDK/hw/XilinxProcessorIPLib/pcores/plb_ipif_v1_00_f/hdl/vhdl/burst_support.vhd sub00/vhpl04 1271917201
EN addr_reg_cntr_brst_flex NULL C:/Xilinx/10.1/EDK/hw/XilinxProcessorIPLib/pcores/plb_ipif_v1_00_f/hdl/vhdl/addr_reg_cntr_brst_flex.vhd sub00/vhpl06 1271917203
AR plb_interrupt_control implementation C:/Xilinx/10.1/EDK/hw/XilinxProcessorIPLib/pcores/plb_ipif_v1_00_f/hdl/vhdl/plb_interrupt_control.vhd sub00/vhpl13 1271917226
AR plb_sesr_sear implementation C:/Xilinx/10.1/EDK/hw/XilinxProcessorIPLib/pcores/plb_ipif_v1_00_f/hdl/vhdl/plb_sesr_sear.vhd sub00/vhpl15 1271917228
EN flex_addr_cntr NULL C:/Xilinx/10.1/EDK/hw/XilinxProcessorIPLib/pcores/plb_ipif_v1_00_f/hdl/vhdl/flex_addr_cntr.vhd sub00/vhpl00 1271917191
AR addr_reg_cntr_brst_flex implementation C:/Xilinx/10.1/EDK/hw/XilinxProcessorIPLib/pcores/plb_ipif_v1_00_f/hdl/vhdl/addr_reg_cntr_brst_flex.vhd sub00/vhpl07 1271917204
