EN plb_ipif_reset NULL /opt/Xilinx/10.1/EDK/hw/XilinxProcessorIPLib/pcores/plb_ipif_v1_00_f/hdl/vhdl/plb_ipif_reset.vhd sub00/vhpl10 1397215042
EN plb_address_decoder NULL /opt/Xilinx/10.1/EDK/hw/XilinxProcessorIPLib/pcores/plb_ipif_v1_00_f/hdl/vhdl/plb_address_decoder.vhd sub00/vhpl02 1397215020
AR flex_addr_cntr implementation /opt/Xilinx/10.1/EDK/hw/XilinxProcessorIPLib/pcores/plb_ipif_v1_00_f/hdl/vhdl/flex_addr_cntr.vhd sub00/vhpl01 1397215013
EN plb_slave_attachment_indet NULL /opt/Xilinx/10.1/EDK/hw/XilinxProcessorIPLib/pcores/plb_ipif_v1_00_f/hdl/vhdl/plb_slave_attachment_indet.vhd sub00/vhpl08 1397215040
AR plb_ipif implementation /opt/Xilinx/10.1/EDK/hw/XilinxProcessorIPLib/pcores/plb_ipif_v1_00_f/hdl/vhdl/plb_ipif.vhd sub00/vhpl17 1397215049
AR burst_support implementation /opt/Xilinx/10.1/EDK/hw/XilinxProcessorIPLib/pcores/plb_ipif_v1_00_f/hdl/vhdl/burst_support.vhd sub00/vhpl05 1397215023
EN plb_ipif NULL /opt/Xilinx/10.1/EDK/hw/XilinxProcessorIPLib/pcores/plb_ipif_v1_00_f/hdl/vhdl/plb_ipif.vhd sub00/vhpl16 1397215048
AR plb_address_decoder imp /opt/Xilinx/10.1/EDK/hw/XilinxProcessorIPLib/pcores/plb_ipif_v1_00_f/hdl/vhdl/plb_address_decoder.vhd sub00/vhpl03 1397215021
AR plb_ipif_reset implementation /opt/Xilinx/10.1/EDK/hw/XilinxProcessorIPLib/pcores/plb_ipif_v1_00_f/hdl/vhdl/plb_ipif_reset.vhd sub00/vhpl11 1397215043
AR plb_slave_attachment_indet implementation /opt/Xilinx/10.1/EDK/hw/XilinxProcessorIPLib/pcores/plb_ipif_v1_00_f/hdl/vhdl/plb_slave_attachment_indet.vhd sub00/vhpl09 1397215041
EN plb_interrupt_control NULL /opt/Xilinx/10.1/EDK/hw/XilinxProcessorIPLib/pcores/plb_ipif_v1_00_f/hdl/vhdl/plb_interrupt_control.vhd sub00/vhpl12 1397215044
EN plb_sesr_sear NULL /opt/Xilinx/10.1/EDK/hw/XilinxProcessorIPLib/pcores/plb_ipif_v1_00_f/hdl/vhdl/plb_sesr_sear.vhd sub00/vhpl14 1397215046
EN burst_support NULL /opt/Xilinx/10.1/EDK/hw/XilinxProcessorIPLib/pcores/plb_ipif_v1_00_f/hdl/vhdl/burst_support.vhd sub00/vhpl04 1397215022
EN addr_reg_cntr_brst_flex NULL /opt/Xilinx/10.1/EDK/hw/XilinxProcessorIPLib/pcores/plb_ipif_v1_00_f/hdl/vhdl/addr_reg_cntr_brst_flex.vhd sub00/vhpl06 1397215024
AR plb_interrupt_control implementation /opt/Xilinx/10.1/EDK/hw/XilinxProcessorIPLib/pcores/plb_ipif_v1_00_f/hdl/vhdl/plb_interrupt_control.vhd sub00/vhpl13 1397215045
AR plb_sesr_sear implementation /opt/Xilinx/10.1/EDK/hw/XilinxProcessorIPLib/pcores/plb_ipif_v1_00_f/hdl/vhdl/plb_sesr_sear.vhd sub00/vhpl15 1397215047
EN flex_addr_cntr NULL /opt/Xilinx/10.1/EDK/hw/XilinxProcessorIPLib/pcores/plb_ipif_v1_00_f/hdl/vhdl/flex_addr_cntr.vhd sub00/vhpl00 1397215012
AR addr_reg_cntr_brst_flex implementation /opt/Xilinx/10.1/EDK/hw/XilinxProcessorIPLib/pcores/plb_ipif_v1_00_f/hdl/vhdl/addr_reg_cntr_brst_flex.vhd sub00/vhpl07 1397215025
