V3 3
FL /home/atana/RTI/dnepr/hw/mm010_dd13/pcores/optical_delay_meter_v1_00_a/hdl/vhdl/meter.vhd 2014/04/07.16:53:46 K.39
EN work/meter 1396875229 \
      FL /home/atana/RTI/dnepr/hw/mm010_dd13/pcores/optical_delay_meter_v1_00_a/hdl/vhdl/meter.vhd \
      PB ieee/std_logic_1164 1217055545 PB ieee/std_logic_arith 1217055546 \
      PB ieee/STD_LOGIC_UNSIGNED 1217055547
AR work/meter/IMP 1396875230 \
      FL /home/atana/RTI/dnepr/hw/mm010_dd13/pcores/optical_delay_meter_v1_00_a/hdl/vhdl/meter.vhd \
      EN work/meter 1396875229
