/home/atana/RTI/dnepr/hw/mm010_dd13_dts/implementation/system.ngc 1403611425
/home/atana/RTI/dnepr/hw/mm010_dd13_dts/implementation/dnepr_wrapper.ngc 1403610979
/home/atana/RTI/dnepr/hw/mm010_dd13_dts/implementation/grid_gen_wrapper.ngc 1403610988
/home/atana/RTI/dnepr/hw/mm010_dd13_dts/implementation/delay_meter_wrapper.ngc 1403610998
/home/atana/RTI/dnepr/hw/mm010_dd13_dts/implementation/ft_fd_input_wrapper.ngc 1403611004
/home/atana/RTI/dnepr/hw/mm010_dd13_dts/implementation/ppc405_1_wrapper.ngc 1403611011
/home/atana/RTI/dnepr/hw/mm010_dd13_dts/implementation/ppc405_0_wrapper.ngc 1403611018
/home/atana/RTI/dnepr/hw/mm010_dd13_dts/implementation/jtagppc_0_wrapper.ngc 1403611023
/home/atana/RTI/dnepr/hw/mm010_dd13_dts/implementation/plb2opb_wrapper.ngc 1403611036
/home/atana/RTI/dnepr/hw/mm010_dd13_dts/implementation/opb_wrapper.ngc 1403611044
/home/atana/RTI/dnepr/hw/mm010_dd13_dts/implementation/plb_wrapper.ngc 1403611060
/home/atana/RTI/dnepr/hw/mm010_dd13_dts/implementation/reset_block_wrapper.ngc 1403611066
/home/atana/RTI/dnepr/hw/mm010_dd13_dts/implementation/system_clk_0_wrapper.ngc 1403611071
/home/atana/RTI/dnepr/hw/mm010_dd13_dts/implementation/ddr_fb_dcm_wrapper.ngc 1403611077
/home/atana/RTI/dnepr/hw/mm010_dd13_dts/implementation/ddr90_dcm_wrapper.ngc 1403611082
/home/atana/RTI/dnepr/hw/mm010_dd13_dts/implementation/sys_dcm_wrapper.ngc 1403611088
/home/atana/RTI/dnepr/hw/mm010_dd13_dts/implementation/plb_eth2_contr_wrapper.ngc 1403611356
/home/atana/RTI/dnepr/hw/mm010_dd13_dts/implementation/plb_eth1_contr_wrapper.ngc 1403611360
/home/atana/RTI/dnepr/hw/mm010_dd13_dts/implementation/opb_intc_0_wrapper.ngc 1403611362
/home/atana/RTI/dnepr/hw/mm010_dd13_dts/implementation/opb_flash_wrapper.ngc 1403611261
/home/atana/RTI/dnepr/hw/mm010_dd13_dts/implementation/boot_ppc_cntrl_wrapper.ngc 1403611268
/home/atana/RTI/dnepr/hw/mm010_dd13_dts/implementation/boot_ppc_bram_wrapper.ngc 1403611274
/home/atana/RTI/dnepr/hw/mm010_dd13_dts/implementation/plb_ddr_sdram_wrapper.ngc 1403611365
/home/atana/RTI/dnepr/hw/mm010_dd13_dts/implementation/uart_tuts_wrapper.ngc 1403611307
/home/atana/RTI/dnepr/hw/mm010_dd13_dts/implementation/rs232_1_wrapper.ngc 1403611313
/home/atana/RTI/dnepr/hw/mm010_dd13_dts/implementation/rs232_2_wrapper.ngc 1403611319
/home/atana/RTI/dnepr/hw/mm010_dd13_dts/implementation/gpio_leds_wrapper.ngc 1403611327
/home/atana/RTI/dnepr/hw/mm010_dd13_dts/implementation/freq_detect_wrapper.ngc 1403611334
/home/atana/RTI/dnepr/hw/mm010_dd13_dts/implementation/reg_version_wrapper.ngc 1403611342
/home/atana/RTI/dnepr/hw/mm010_dd13_dts/implementation/f_gen_0_wrapper.ngc 1403611352
OK
