AR ipif_control_rd implementation /opt/Xilinx/10.1/EDK/hw/XilinxProcessorIPLib/pcores/rdpfifo_v2_00_a/hdl/vhdl/ipif_control_rd.vhd sub00/vhpl01 1397215027
AR rdpfifo_top implementation /opt/Xilinx/10.1/EDK/hw/XilinxProcessorIPLib/pcores/rdpfifo_v2_00_a/hdl/vhdl/rdpfifo_top.vhd sub00/vhpl05 1397215039
EN rdpfifo_dp_cntl NULL /opt/Xilinx/10.1/EDK/hw/XilinxProcessorIPLib/pcores/rdpfifo_v2_00_a/hdl/vhdl/rdpfifo_dp_cntl.vhd sub00/vhpl02 1397215028
EN ipif_control_rd NULL /opt/Xilinx/10.1/EDK/hw/XilinxProcessorIPLib/pcores/rdpfifo_v2_00_a/hdl/vhdl/ipif_control_rd.vhd sub00/vhpl00 1397215026
AR rdpfifo_dp_cntl implementation /opt/Xilinx/10.1/EDK/hw/XilinxProcessorIPLib/pcores/rdpfifo_v2_00_a/hdl/vhdl/rdpfifo_dp_cntl.vhd sub00/vhpl03 1397215029
EN rdpfifo_top NULL /opt/Xilinx/10.1/EDK/hw/XilinxProcessorIPLib/pcores/rdpfifo_v2_00_a/hdl/vhdl/rdpfifo_top.vhd sub00/vhpl04 1397215038
