EN dnepr_fu NULL /home/atana/RTI/dnepr/hw/mm010_dd13/pcores/dnepr_fu_v1_00_a/hdl/vhdl/dnepr_fu.vhd sub00/vhpl02 1397215052
AR user_logic imp /home/atana/RTI/dnepr/hw/mm010_dd13/pcores/dnepr_fu_v1_00_a/hdl/vhdl/user_logic.vhd sub00/vhpl01 1397215051
EN user_logic NULL /home/atana/RTI/dnepr/hw/mm010_dd13/pcores/dnepr_fu_v1_00_a/hdl/vhdl/user_logic.vhd sub00/vhpl00 1397215050
AR dnepr_fu imp /home/atana/RTI/dnepr/hw/mm010_dd13/pcores/dnepr_fu_v1_00_a/hdl/vhdl/dnepr_fu.vhd sub00/vhpl03 1397215053
