AR core behavioral /home/atana/RTI/dnepr/hw/mm010_dd13/pcores/dnepr_fu_v1_00_a/hdl/vhdl/core.vhd sub00/vhpl05 1397215035
EN fsm NULL /home/atana/RTI/dnepr/hw/mm010_dd13/pcores/dnepr_fu_v1_00_a/hdl/vhdl/fsm.vhd sub00/vhpl00 1397215018
EN ring NULL /home/atana/RTI/dnepr/hw/mm010_dd13/pcores/dnepr_fu_v1_00_a/hdl/vhdl/ring.vhd sub00/vhpl02 1397215016
AR ring behavioral /home/atana/RTI/dnepr/hw/mm010_dd13/pcores/dnepr_fu_v1_00_a/hdl/vhdl/ring.vhd sub00/vhpl03 1397215017
AR fsm behavioral /home/atana/RTI/dnepr/hw/mm010_dd13/pcores/dnepr_fu_v1_00_a/hdl/vhdl/fsm.vhd sub00/vhpl01 1397215019
EN core NULL /home/atana/RTI/dnepr/hw/mm010_dd13/pcores/dnepr_fu_v1_00_a/hdl/vhdl/core.vhd sub00/vhpl04 1397215034
