V3 11
FL /home/atana/RTI/dnepr/hw/mm010_dd13/pcores/dnepr_fu_v1_00_a/hdl/vhdl/core.vhd 2014/04/11.13:49:57 K.39
EN work/core 1397215034 \
      FL /home/atana/RTI/dnepr/hw/mm010_dd13/pcores/dnepr_fu_v1_00_a/hdl/vhdl/core.vhd \
      PB ieee/std_logic_1164 1217055545 PB ieee/std_logic_arith 1217055546 \
      PB ieee/STD_LOGIC_UNSIGNED 1217055547
AR work/core/Behavioral 1397215035 \
      FL /home/atana/RTI/dnepr/hw/mm010_dd13/pcores/dnepr_fu_v1_00_a/hdl/vhdl/core.vhd \
      EN work/core 1397215034 CP ring CP fsm
FL /home/atana/RTI/dnepr/hw/mm010_dd13/pcores/dnepr_fu_v1_00_a/hdl/vhdl/fsm.vhd 2014/04/11.15:12:45 K.39
EN work/fsm 1397215018 \
      FL /home/atana/RTI/dnepr/hw/mm010_dd13/pcores/dnepr_fu_v1_00_a/hdl/vhdl/fsm.vhd \
      PB ieee/std_logic_1164 1217055545 PB ieee/std_logic_arith 1217055546 \
      PB ieee/STD_LOGIC_UNSIGNED 1217055547
AR work/fsm/Behavioral 1397215019 \
      FL /home/atana/RTI/dnepr/hw/mm010_dd13/pcores/dnepr_fu_v1_00_a/hdl/vhdl/fsm.vhd \
      EN work/fsm 1397215018
FL /home/atana/RTI/dnepr/hw/mm010_dd13/pcores/dnepr_fu_v1_00_a/hdl/vhdl/ring.vhd 2014/04/10.13:20:47 K.39
EN work/ring 1397215016 \
      FL /home/atana/RTI/dnepr/hw/mm010_dd13/pcores/dnepr_fu_v1_00_a/hdl/vhdl/ring.vhd \
      PB ieee/std_logic_1164 1217055545 PB ieee/std_logic_arith 1217055546 \
      PB ieee/STD_LOGIC_UNSIGNED 1217055547
AR work/ring/Behavioral 1397215017 \
      FL /home/atana/RTI/dnepr/hw/mm010_dd13/pcores/dnepr_fu_v1_00_a/hdl/vhdl/ring.vhd \
      EN work/ring 1397215016
