AR pf_occ_counter_top implementation /opt/Xilinx/10.1/EDK/hw/XilinxProcessorIPLib/pcores/proc_common_v2_00_a/hdl/vhdl/pf_occ_counter_top.vhd sub00/vhpl15 1397214985
AR or_muxcy implementation /opt/Xilinx/10.1/EDK/hw/XilinxProcessorIPLib/pcores/proc_common_v2_00_a/hdl/vhdl/or_muxcy.vhd sub00/vhpl21 1397214993
AR pf_dpram_select implementation /opt/Xilinx/10.1/EDK/hw/XilinxProcessorIPLib/pcores/proc_common_v2_00_a/hdl/vhdl/pf_dpram_select.vhd sub00/vhpl33 1397215005
EN pf_occ_counter_top NULL /opt/Xilinx/10.1/EDK/hw/XilinxProcessorIPLib/pcores/proc_common_v2_00_a/hdl/vhdl/pf_occ_counter_top.vhd sub00/vhpl14 1397214984
AR srl_fifo2 imp /opt/Xilinx/10.1/EDK/hw/XilinxProcessorIPLib/pcores/proc_common_v2_00_a/hdl/vhdl/srl_fifo2.vhd sub00/vhpl29 1397215001
AR or_gate imp /opt/Xilinx/10.1/EDK/hw/XilinxProcessorIPLib/pcores/proc_common_v2_00_a/hdl/vhdl/or_gate.vhd sub00/vhpl25 1397214997
AR pf_adder_bit implementation /opt/Xilinx/10.1/EDK/hw/XilinxProcessorIPLib/pcores/proc_common_v2_00_a/hdl/vhdl/pf_adder_bit.vhd sub00/vhpl07 1397214977
AR pf_adder implementation /opt/Xilinx/10.1/EDK/hw/XilinxProcessorIPLib/pcores/proc_common_v2_00_a/hdl/vhdl/pf_adder.vhd sub00/vhpl19 1397214989
PH family NULL /opt/Xilinx/10.1/EDK/hw/XilinxProcessorIPLib/pcores/proc_common_v2_00_a/hdl/vhdl/family.vhd sub00/vhpl38 1397215010
EN counter_bit NULL /opt/Xilinx/10.1/EDK/hw/XilinxProcessorIPLib/pcores/proc_common_v2_00_a/hdl/vhdl/counter_bit.vhd sub00/vhpl12 1397214982
EN pf_counter_top NULL /opt/Xilinx/10.1/EDK/hw/XilinxProcessorIPLib/pcores/proc_common_v2_00_a/hdl/vhdl/pf_counter_top.vhd sub00/vhpl16 1397214986
PH ipif_pkg NULL /opt/Xilinx/10.1/EDK/hw/XilinxProcessorIPLib/pcores/proc_common_v2_00_a/hdl/vhdl/ipif_pkg.vhd sub00/vhpl26 1397214998
EN srl16_fifo NULL /opt/Xilinx/10.1/EDK/hw/XilinxProcessorIPLib/pcores/proc_common_v2_00_a/hdl/vhdl/srl16_fifo.vhd sub00/vhpl30 1397215002
AR counter_bit imp /opt/Xilinx/10.1/EDK/hw/XilinxProcessorIPLib/pcores/proc_common_v2_00_a/hdl/vhdl/counter_bit.vhd sub00/vhpl13 1397214983
EN counter NULL /opt/Xilinx/10.1/EDK/hw/XilinxProcessorIPLib/pcores/proc_common_v2_00_a/hdl/vhdl/counter.vhd sub00/vhpl34 1397215006
EN srl_fifo2 NULL /opt/Xilinx/10.1/EDK/hw/XilinxProcessorIPLib/pcores/proc_common_v2_00_a/hdl/vhdl/srl_fifo2.vhd sub00/vhpl28 1397215000
EN inferred_lut4 NULL /opt/Xilinx/10.1/EDK/hw/XilinxProcessorIPLib/pcores/proc_common_v2_00_a/hdl/vhdl/inferred_lut4.vhd sub00/vhpl02 1397214972
EN pf_adder_bit NULL /opt/Xilinx/10.1/EDK/hw/XilinxProcessorIPLib/pcores/proc_common_v2_00_a/hdl/vhdl/pf_adder_bit.vhd sub00/vhpl06 1397214976
AR pf_counter_bit implementation /opt/Xilinx/10.1/EDK/hw/XilinxProcessorIPLib/pcores/proc_common_v2_00_a/hdl/vhdl/pf_counter_bit.vhd sub00/vhpl05 1397214975
EN pf_occ_counter NULL /opt/Xilinx/10.1/EDK/hw/XilinxProcessorIPLib/pcores/proc_common_v2_00_a/hdl/vhdl/pf_occ_counter.vhd sub00/vhpl10 1397214980
EN pselect NULL /opt/Xilinx/10.1/EDK/hw/XilinxProcessorIPLib/pcores/proc_common_v2_00_a/hdl/vhdl/pselect.vhd sub00/vhpl22 1397214994
EN pf_dpram_select NULL /opt/Xilinx/10.1/EDK/hw/XilinxProcessorIPLib/pcores/proc_common_v2_00_a/hdl/vhdl/pf_dpram_select.vhd sub00/vhpl32 1397215004
AR srl16_fifo implementation /opt/Xilinx/10.1/EDK/hw/XilinxProcessorIPLib/pcores/proc_common_v2_00_a/hdl/vhdl/srl16_fifo.vhd sub00/vhpl31 1397215003
AR pf_counter_top implementation /opt/Xilinx/10.1/EDK/hw/XilinxProcessorIPLib/pcores/proc_common_v2_00_a/hdl/vhdl/pf_counter_top.vhd sub00/vhpl17 1397214987
EN or_gate NULL /opt/Xilinx/10.1/EDK/hw/XilinxProcessorIPLib/pcores/proc_common_v2_00_a/hdl/vhdl/or_gate.vhd sub00/vhpl24 1397214996
PH proc_common_pkg NULL /opt/Xilinx/10.1/EDK/hw/XilinxProcessorIPLib/pcores/proc_common_v2_00_a/hdl/vhdl/proc_common_pkg.vhd sub00/vhpl00 1397214990
PB ipif_pkg ipif_pkg /opt/Xilinx/10.1/EDK/hw/XilinxProcessorIPLib/pcores/proc_common_v2_00_a/hdl/vhdl/ipif_pkg.vhd sub00/vhpl27 1397214999
AR inferred_lut4 implementation /opt/Xilinx/10.1/EDK/hw/XilinxProcessorIPLib/pcores/proc_common_v2_00_a/hdl/vhdl/inferred_lut4.vhd sub00/vhpl03 1397214973
AR counter imp /opt/Xilinx/10.1/EDK/hw/XilinxProcessorIPLib/pcores/proc_common_v2_00_a/hdl/vhdl/counter.vhd sub00/vhpl35 1397215007
EN pf_adder NULL /opt/Xilinx/10.1/EDK/hw/XilinxProcessorIPLib/pcores/proc_common_v2_00_a/hdl/vhdl/pf_adder.vhd sub00/vhpl18 1397214988
EN pf_counter NULL /opt/Xilinx/10.1/EDK/hw/XilinxProcessorIPLib/pcores/proc_common_v2_00_a/hdl/vhdl/pf_counter.vhd sub00/vhpl08 1397214978
AR pf_counter implementation /opt/Xilinx/10.1/EDK/hw/XilinxProcessorIPLib/pcores/proc_common_v2_00_a/hdl/vhdl/pf_counter.vhd sub00/vhpl09 1397214979
EN pf_counter_bit NULL /opt/Xilinx/10.1/EDK/hw/XilinxProcessorIPLib/pcores/proc_common_v2_00_a/hdl/vhdl/pf_counter_bit.vhd sub00/vhpl04 1397214974
AR ipif_steer imp /opt/Xilinx/10.1/EDK/hw/XilinxProcessorIPLib/pcores/proc_common_v2_00_a/hdl/vhdl/ipif_steer.vhd sub00/vhpl37 1397215009
PB family family /opt/Xilinx/10.1/EDK/hw/XilinxProcessorIPLib/pcores/proc_common_v2_00_a/hdl/vhdl/family.vhd sub00/vhpl39 1397215011
AR pf_occ_counter implementation /opt/Xilinx/10.1/EDK/hw/XilinxProcessorIPLib/pcores/proc_common_v2_00_a/hdl/vhdl/pf_occ_counter.vhd sub00/vhpl11 1397214981
EN ipif_steer NULL /opt/Xilinx/10.1/EDK/hw/XilinxProcessorIPLib/pcores/proc_common_v2_00_a/hdl/vhdl/ipif_steer.vhd sub00/vhpl36 1397215008
EN or_muxcy NULL /opt/Xilinx/10.1/EDK/hw/XilinxProcessorIPLib/pcores/proc_common_v2_00_a/hdl/vhdl/or_muxcy.vhd sub00/vhpl20 1397214992
AR pselect imp /opt/Xilinx/10.1/EDK/hw/XilinxProcessorIPLib/pcores/proc_common_v2_00_a/hdl/vhdl/pselect.vhd sub00/vhpl23 1397214995
PB proc_common_pkg proc_common_pkg /opt/Xilinx/10.1/EDK/hw/XilinxProcessorIPLib/pcores/proc_common_v2_00_a/hdl/vhdl/proc_common_pkg.vhd sub00/vhpl01 1397214991
