EN sm_wait_imp NULL C:/active_work/ise/debug/6MPGM_6MPS5_6B261_6A119_7M010_DD13/system/pcores/plb34_ps_119_v1_00_a/devl/projnav/SM_wait_imp.vhd sub00/vhpl00 1271917195
EN fifo_secure_uc NULL C:/active_work/ise/debug/6MPGM_6MPS5_6B261_6A119_7M010_DD13/system/pcores/plb34_ps_119_v1_00_a/devl/projnav/FIFO_secure_uc.vhd sub00/vhpl02 1271917197
AR fifo_secure_uc behavioral C:/active_work/ise/debug/6MPGM_6MPS5_6B261_6A119_7M010_DD13/system/pcores/plb34_ps_119_v1_00_a/devl/projnav/FIFO_secure_uc.vhd sub00/vhpl03 1271917198
AR sm_wait_imp behavioral C:/active_work/ise/debug/6MPGM_6MPS5_6B261_6A119_7M010_DD13/system/pcores/plb34_ps_119_v1_00_a/devl/projnav/SM_wait_imp.vhd sub00/vhpl01 1271917196
EN pulse_fr_form NULL C:/active_work/ise/debug/6MPGM_6MPS5_6B261_6A119_7M010_DD13/system/pcores/plb34_ps_119_v1_00_a/devl/projnav/pulse_fr_form.vhd sub00/vhpl06 1271917213
AR pulse_fr_form struct C:/active_work/ise/debug/6MPGM_6MPS5_6B261_6A119_7M010_DD13/system/pcores/plb34_ps_119_v1_00_a/devl/projnav/pulse_fr_form.vhd sub00/vhpl07 1271917214
AR ps_isp_avt behavioral C:/active_work/ise/debug/6MPGM_6MPS5_6B261_6A119_7M010_DD13/system/pcores/plb34_ps_119_v1_00_a/devl/projnav/PS_isp_avt.vhd sub00/vhpl05 1271917216
EN ps_isp_avt NULL C:/active_work/ise/debug/6MPGM_6MPS5_6B261_6A119_7M010_DD13/system/pcores/plb34_ps_119_v1_00_a/devl/projnav/PS_isp_avt.vhd sub00/vhpl04 1271917215
