V3 16
FL C:/active_work/ise/debug/6MPGM_6MPS5_6B261_6A119_7M010_DD13/system/pcores/plb34_ps_119_v1_00_a/devl/projnav/FIFO_secure_uc.vhd 2010/04/22.10:15:09 K.39
EN work/FIFO_secure_uc 1271917197 \
      FL C:/active_work/ise/debug/6MPGM_6MPS5_6B261_6A119_7M010_DD13/system/pcores/plb34_ps_119_v1_00_a/devl/projnav/FIFO_secure_uc.vhd \
      PB ieee/std_logic_1164 1217055545 PB ieee/std_logic_arith 1217055546 \
      PB ieee/STD_LOGIC_UNSIGNED 1217055547 LB UNISIM PH unisim/VCOMPONENTS 1217055545
AR work/FIFO_secure_uc/Behavioral 1271917198 \
      FL C:/active_work/ise/debug/6MPGM_6MPS5_6B261_6A119_7M010_DD13/system/pcores/plb34_ps_119_v1_00_a/devl/projnav/FIFO_secure_uc.vhd \
      EN work/FIFO_secure_uc 1271917197
FL C:/active_work/ise/debug/6MPGM_6MPS5_6B261_6A119_7M010_DD13/system/pcores/plb34_ps_119_v1_00_a/devl/projnav/PS_isp_avt.vhd 2010/04/22.10:18:47 K.39
EN work/PS_isp_avt 1271917215 \
      FL C:/active_work/ise/debug/6MPGM_6MPS5_6B261_6A119_7M010_DD13/system/pcores/plb34_ps_119_v1_00_a/devl/projnav/PS_isp_avt.vhd \
      PB ieee/std_logic_1164 1217055545 PB ieee/std_logic_arith 1217055546 \
      PB ieee/STD_LOGIC_UNSIGNED 1217055547
AR work/PS_isp_avt/Behavioral 1271917216 \
      FL C:/active_work/ise/debug/6MPGM_6MPS5_6B261_6A119_7M010_DD13/system/pcores/plb34_ps_119_v1_00_a/devl/projnav/PS_isp_avt.vhd \
      EN work/PS_isp_avt 1271917215 CP SM_wait_imp CP FIFO_secure_uc
FL C:/active_work/ise/debug/6MPGM_6MPS5_6B261_6A119_7M010_DD13/system/pcores/plb34_ps_119_v1_00_a/devl/projnav/pulse_fr_form.vhd 2009/04/17.19:27:56 K.39
EN work/pulse_fr_form 1271917213 \
      FL C:/active_work/ise/debug/6MPGM_6MPS5_6B261_6A119_7M010_DD13/system/pcores/plb34_ps_119_v1_00_a/devl/projnav/pulse_fr_form.vhd \
      PB ieee/std_logic_1164 1217055545 PB ieee/std_logic_arith 1217055546 \
      PB ieee/STD_LOGIC_UNSIGNED 1217055547 LB UNISIM PH unisim/VCOMPONENTS 1217055545
AR work/pulse_fr_form/struct 1271917214 \
      FL C:/active_work/ise/debug/6MPGM_6MPS5_6B261_6A119_7M010_DD13/system/pcores/plb34_ps_119_v1_00_a/devl/projnav/pulse_fr_form.vhd \
      EN work/pulse_fr_form 1271917213 CP ROC
FL C:/active_work/ise/debug/6MPGM_6MPS5_6B261_6A119_7M010_DD13/system/pcores/plb34_ps_119_v1_00_a/devl/projnav/SM_wait_imp.vhd 2010/04/20.17:41:26 K.39
EN work/SM_wait_imp 1271917195 \
      FL C:/active_work/ise/debug/6MPGM_6MPS5_6B261_6A119_7M010_DD13/system/pcores/plb34_ps_119_v1_00_a/devl/projnav/SM_wait_imp.vhd \
      PB ieee/std_logic_1164 1217055545 PB ieee/std_logic_arith 1217055546 \
      PB ieee/STD_LOGIC_UNSIGNED 1217055547
AR work/SM_wait_imp/Behavioral 1271917196 \
      FL C:/active_work/ise/debug/6MPGM_6MPS5_6B261_6A119_7M010_DD13/system/pcores/plb34_ps_119_v1_00_a/devl/projnav/SM_wait_imp.vhd \
      EN work/SM_wait_imp 1271917195
